Microchip Technology Inc, v1.30 (A)

Tool Name:
  /opt/microchip/xc16/v1.30/bin/bin/../bin/elf-ld

Command:
  -p24FV16KM204 \
  -o \
  dist/default/production/LTP_Board_V1.X.production.elf \
  -L/opt/microchip/xc16/v1.30/bin/bin/.. \
  -L/opt/microchip/xc16/v1.30/bin/bin/../../lib \
  -L/opt/microchip/xc16/v1.30/bin/bin/../../support/PIC24E/gld \
  -L/opt/microchip/xc16/v1.30/bin/bin/../../support/PIC24F/gld \
  -L/opt/microchip/xc16/v1.30/bin/bin/../../support/PIC24H/gld \
  -L/opt/microchip/xc16/v1.30/bin/bin/../../support/dsPIC30F/gld \
  -L/opt/microchip/xc16/v1.30/bin/bin/../../support/dsPIC33E/gld \
  -L/opt/microchip/xc16/v1.30/bin/bin/../../support/dsPIC33F/gld \
  build/default/production/mcc_generated_files/interrupt_manager.o \
  build/default/production/mcc_generated_files/traps.o \
  build/default/production/mcc_generated_files/mcc.o \
  build/default/production/mcc_generated_files/pin_manager.o \
  build/default/production/mcc_generated_files/mccp1_compare.o \
  build/default/production/mcc_generated_files/uart1.o \
  build/default/production/mcc_generated_files/mssp1_spi.o \
  build/default/production/mcc_generated_files/mssp2_i2c.o \
  build/default/production/mcc_generated_files/tmr1.o \
  build/default/production/main.o \
  build/default/production/LTP_system.o \
  build/default/production/encoder.o \
  build/default/production/lidar.o \
  build/default/production/motor.o \
  build/default/production/PID.o \
  build/default/production/sweep.o \
  build/default/production/tests.o \
  --defsym=__MPLAB_BUILD=1 \
  -Tp24FV16KM204.gld.00 \
  --stack=16 \
  --check-sections \
  --data-init \
  --pack-data \
  --handles \
  --isr \
  --no-gc-sections \
  --fill-upper=0 \
  --stackguard=16 \
  --no-force-link \
  --smart-io \
  -Map=dist/default/production/LTP_Board_V1.X.production.map \
  --report-mem \
  --memorysummary \
  dist/default/production/memoryfile.xml \
  -start-group \
  --library=lega-pic30-elf \
  --library=m-elf \
  --library=lega-c-elf \
  -end-group \


Optional library libpPIC24Fxxx.a not found
Archive member included because of file (symbol)

/opt/microchip/xc16/v1.30/bin/bin/../../lib/liblega-pic30-elf.a(crt0_standard.o)
                              (__resetPRI)
/opt/microchip/xc16/v1.30/bin/bin/../../lib/liblega-pic30-elf.a(data_init_standard.o)
                              /opt/microchip/xc16/v1.30/bin/bin/../../lib/liblega-pic30-elf.a(crt0_standard.o) (__data_init_standard)
/opt/microchip/xc16/v1.30/bin/bin/../../lib/liblega-pic30-elf.a(crt_start_mode_normal.Leo)
                              (__crt_start_mode_normal)
/opt/microchip/xc16/v1.30/bin/bin/../../lib/liblega-pic30-elf.a(delay32.Leo)
                              build/default/production/lidar.o (___delay32)
/opt/microchip/xc16/v1.30/bin/bin/../../lib/libm-elf.a(addsf3.eo)
                              build/default/production/PID.o (___addsf3)
/opt/microchip/xc16/v1.30/bin/bin/../../lib/libm-elf.a(fixsfsi.eo)
                              build/default/production/PID.o (_(float, int, long long, short, float, short, int))
/opt/microchip/xc16/v1.30/bin/bin/../../lib/libm-elf.a(floatsisf.eo)
                              build/default/production/PID.o (___floatsisf)
/opt/microchip/xc16/v1.30/bin/bin/../../lib/libm-elf.a(floatunsisf.eo)
                              build/default/production/sweep.o (___floatunsisf)
/opt/microchip/xc16/v1.30/bin/bin/../../lib/libm-elf.a(fpack.eo)
                              /opt/microchip/xc16/v1.30/bin/bin/../../lib/libm-elf.a(addsf3.eo) (__fpack)
/opt/microchip/xc16/v1.30/bin/bin/../../lib/libm-elf.a(funpack.eo)
                              /opt/microchip/xc16/v1.30/bin/bin/../../lib/libm-elf.a(fixsfsi.eo) (__funpack)
/opt/microchip/xc16/v1.30/bin/bin/../../lib/libm-elf.a(funpack2.eo)
                              /opt/microchip/xc16/v1.30/bin/bin/../../lib/libm-elf.a(addsf3.eo) (__funpack2)
/opt/microchip/xc16/v1.30/bin/bin/../../lib/libm-elf.a(futil.eo)
                              /opt/microchip/xc16/v1.30/bin/bin/../../lib/libm-elf.a(addsf3.eo) (__fPropagateNaN)
/opt/microchip/xc16/v1.30/bin/bin/../../lib/libm-elf.a(mulsf3.eo)
                              build/default/production/PID.o (___mulsf3)
/opt/microchip/xc16/v1.30/bin/bin/../../lib/libm-elf.a(sinf.eo)
                              build/default/production/sweep.o (_sinf)
/opt/microchip/xc16/v1.30/bin/bin/../../lib/libm-elf.a(floatdisf.eo)
                              /opt/microchip/xc16/v1.30/bin/bin/../../lib/libm-elf.a(floatsisf.eo) (___floatdisf)
/opt/microchip/xc16/v1.30/bin/bin/../../lib/libm-elf.a(floatundisf.eo)
                              /opt/microchip/xc16/v1.30/bin/bin/../../lib/libm-elf.a(floatunsisf.eo) (___floatundisf)
/opt/microchip/xc16/v1.30/bin/bin/../../lib/libm-elf.a(sincosf.eo)
                              /opt/microchip/xc16/v1.30/bin/bin/../../lib/libm-elf.a(sinf.eo) (__sincosf)
/opt/microchip/xc16/v1.30/bin/bin/../../lib/libm-elf.a(errno.eo)
[...]
Memory Configuration

Name             Origin             Length             Attributes
data             0x000800           0x000800           a !xr
reset            0x000000           0x000004  
ivt              0x000004           0x0000fc  
_reserved        0x000100           0x000004  
aivt             0x000104           0x0000fc  
program          0x000200           0x002a00           xr
eedata           0x7ffe00           0x000200  
FBS              0xf80000           0x000002  
FGS              0xf80004           0x000002  
FOSCSEL          0xf80006           0x000002  
FOSC             0xf80008           0x000002  
FWDT             0xf8000a           0x000002  
FPOR             0xf8000c           0x000002  
FICD             0xf8000e           0x000002  
*default*        0x000000           0xffffffff  

Linker script and memory map

LOAD build/default/production/mcc_generated_files/interrupt_manager.o
LOAD build/default/production/mcc_generated_files/traps.o
LOAD build/default/production/mcc_generated_files/mcc.o
LOAD build/default/production/mcc_generated_files/pin_manager.o
LOAD build/default/production/mcc_generated_files/mccp1_compare.o
LOAD build/default/production/mcc_generated_files/uart1.o
LOAD build/default/production/mcc_generated_files/mssp1_spi.o
LOAD build/default/production/mcc_generated_files/mssp2_i2c.o
LOAD build/default/production/mcc_generated_files/tmr1.o
LOAD build/default/production/main.o
LOAD build/default/production/LTP_system.o
LOAD build/default/production/encoder.o
LOAD build/default/production/lidar.o
LOAD build/default/production/motor.o
LOAD build/default/production/PID.o
LOAD build/default/production/sweep.o
LOAD build/default/production/tests.o
                    0x0001                  __MPLAB_BUILD = 0x1
LOAD pPIC24Fxxx
LOAD /opt/microchip/xc16/v1.30/bin/bin/../../lib/libfx-elf.a
                    0xf80000                  __FBS = 0xf80000
                    0xf80004                  __FGS = 0xf80004
                    0xf80006                  __FOSCSEL = 0xf80006
                    0xf80008                  __FOSC = 0xf80008
                    0xf8000a                  __FWDT = 0xf8000a
                    0xf8000c                  __FPOR = 0xf8000c
                    0xf8000e                  __FICD = 0xf8000e
                    0x0001                  __NO_HANDLES = 0x1
                    0x0200                  __CODE_BASE = 0x200
                    0x2a00                  __CODE_LENGTH = 0x2a00
                    0x0004                  __IVT_BASE = 0x4
                    0x0104                  __AIVT_BASE = 0x104
                    0x0800                  __DATA_BASE = 0x800
                    0x0800                  __DATA_LENGTH = 0x800

.reset            0x000000          0x4
                  0x000000          0x2 SHORT 0x200 ABSOLUTE (__reset)
                  0x000001          0x2 SHORT 0x4
                  0x000002          0x2 SHORT 0x0 ((ABSOLUTE (__reset) >> 0x10) & 0x7f)
                  0x000003          0x2 SHORT 0x0

.text             0x000200       0x17e0
 *(.init)
 .init            0x000200         0x4c /opt/microchip/xc16/v1.30/bin/bin/../../lib/liblega-pic30-elf.a(crt0_standard.o)
                  0x000200                  __reset
                  0x000200                  __resetPRI
                  0x00023c                  __psv_init
 .init            0x00024c         0x7c /opt/microchip/xc16/v1.30/bin/bin/../../lib/liblega-pic30-elf.a(data_init_standard.o)
                  0x000252                  __data_init
                  0x000252                  __data_init_standard
 *(.user_init)
 *(.handle)
 *(.isr*)
 .isr.text._OscillatorFail
                  0x0002d4          0x8 build/default/production/mcc_generated_files/traps.o
                  0x0002d4                  __OscillatorFail
 .isr.text._StackError
                  0x0002dc          0xa build/default/production/mcc_generated_files/traps.o
                  0x0002dc                  __StackError
 .isr.text._AddressError
                  0x0002e6          0x8 build/default/production/mcc_generated_files/traps.o
                  0x0002e6                  __AddressError
 .isr.text._MathError
                  0x0002ee          0x8 build/default/production/mcc_generated_files/traps.o
                  0x0002ee                  __MathError
 .isr.text._MSSP2Interrupt
                  0x0002f6        0x250 build/default/production/mcc_generated_files/mssp2_i2c.o
                  0x0002f6                  __MSSP2Interrupt
 .isr             0x000546          0x4 default_isr
                  0x000546                  __DefaultInterrupt
 *(.libc)
 .libc            0x00054a         0x12 /opt/microchip/xc16/v1.30/bin/bin/../../lib/liblega-pic30-elf.a(close.Leo)
                  0x00054a                  _close
 .libc            0x00055c         0x12 /opt/microchip/xc16/v1.30/bin/bin/../../lib/liblega-pic30-elf.a(remove.Leo)
                  0x00055c                  _remove
 .libc            0x00056e         0x28 /opt/microchip/xc16/v1.30/bin/bin/../../lib/liblega-pic30-elf.a(sbrk.Leo)
                  0x00056e                  _sbrk
 .libc            0x000596         0x1a /opt/microchip/xc16/v1.30/bin/bin/../../lib/liblega-pic30-elf.a(brk.Lelo)
                  0x000596                  _brk
 *(.libm)
 *(.libdsp)
 *(.lib*)
 .libc.write      0x0005b0         0x42 build/default/production/mcc_generated_files/uart1.o
                  0x0005b0                  _write
 .libpic30_crt_start_mode
                  0x0005f2          0x2 /opt/microchip/xc16/v1.30/bin/bin/../../lib/liblega-pic30-elf.a(crt_start_mode_normal.Leo)
                  0x0005f2                  __crt_start_mode_normal
                  0x0005f2                  __crt_start_mode
 .libm.subsf3     0x0005f4         0xbc /opt/microchip/xc16/v1.30/bin/bin/../../lib/libm-elf.a(addsf3.eo)
                  0x0005f4                  ___subsf3
                  0x0005f6                  ___addsf3
 .libm.fixsfsi    0x0006b0         0x42 /opt/microchip/xc16/v1.30/bin/bin/../../lib/libm-elf.a(fixsfsi.eo)
                  0x0006b0                  _(float, int, long long, short, float, short, int)
 .libm.floatsisf
                  0x0006f2          0x6 /opt/microchip/xc16/v1.30/bin/bin/../../lib/libm-elf.a(floatsisf.eo)
                  0x0006f2                  ___floatsisf
 .libm.floatunsisf
                  0x0006f8          0x4 /opt/microchip/xc16/v1.30/bin/bin/../../lib/libm-elf.a(floatunsisf.eo)
                  0x0006f8                  ___floatunsisf
 .libm.fpack      0x0006fc         0x4c /opt/microchip/xc16/v1.30/bin/bin/../../lib/libm-elf.a(fpack.eo)
                  0x0006fc                  __fpack
 .libm.funpack    0x000748         0x2a /opt/microchip/xc16/v1.30/bin/bin/../../lib/libm-elf.a(funpack.eo)
                  0x000748                  __funpack
 .libm.funpack2
                  0x000772         0x10 /opt/microchip/xc16/v1.30/bin/bin/../../lib/libm-elf.a(funpack2.eo)
                  0x000772                  __funpack2
 .libm.fPropagateNaN
                  0x000782         0x12 /opt/microchip/xc16/v1.30/bin/bin/../../lib/libm-elf.a(futil.eo)
                  0x000782                  __fPropagateNaN
 .libm.fbobExit
                  0x000794          0x8 /opt/microchip/xc16/v1.30/bin/bin/../../lib/libm-elf.a(futil.eo)
                  0x000794                  __fbopExit
 .libm.fbopReturnNaN
                  0x00079c          0x6 /opt/microchip/xc16/v1.30/bin/bin/../../lib/libm-elf.a(futil.eo)
                  0x00079c                  __fbopReturnNaN
 .libm.mulsf3     0x0007a2         0x68 /opt/microchip/xc16/v1.30/bin/bin/../../lib/libm-elf.a(mulsf3.eo)
                  0x0007a2                  ___mulsf3
 .libm.sinf       0x00080a          0x4 /opt/microchip/xc16/v1.30/bin/bin/../../lib/libm-elf.a(sinf.eo)
                  0x00080a                  _sinf
 .libm.floatdisf
                  0x00080e         0x20 /opt/microchip/xc16/v1.30/bin/bin/../../lib/libm-elf.a(floatdisf.eo)
                  0x00080e                  ___floatdisf
 .libm.floatundisf
                  0x00082e         0x5e /opt/microchip/xc16/v1.30/bin/bin/../../lib/libm-elf.a(floatundisf.eo)
                  0x00082e                  ___floatundisf
 .libm.sincosf    0x00088c         0xd2 /opt/microchip/xc16/v1.30/bin/bin/../../lib/libm-elf.a(sincosf.eo)
                  0x00088c                  __sincosf
 .libm.eqsf2      0x00095e          0x4 /opt/microchip/xc16/v1.30/bin/bin/../../lib/libm-elf.a(feqltle.eo)
                  0x00095e                  ___lesf2
                  0x00095e                  ___eqsf2
                  0x00095e                  ___ltsf2
 .libm.fmodf      0x000962          0x4 /opt/microchip/xc16/v1.30/bin/bin/../../lib/libm-elf.a(fmodf.eo)
                  0x000962                  _fmodf
 .libm.fmodrem    0x000966         0x9e /opt/microchip/xc16/v1.30/bin/bin/../../lib/libm-elf.a(fmodrem.eo)
                  0x000966                  __fmodrem
 .libm.fcompare
                  0x000a04         0x36 /opt/microchip/xc16/v1.30/bin/bin/../../lib/libm-elf.a(fcompare.eo)
                  0x000a04                  __fcompare
 .libc.puts       0x000a3a         0x16 /opt/microchip/xc16/v1.30/bin/bin/../../lib/liblega-c-elf.a(puts.XX_eo)
                  0x000a3a                  _puts
 .libc.fputc      0x000a50         0x4c /opt/microchip/xc16/v1.30/bin/bin/../../lib/liblega-c-elf.a(fputc.XX_elo)
                  0x000a50                  _fputc
 .libc.fputs      0x000a9c         0x9a /opt/microchip/xc16/v1.30/bin/bin/../../lib/liblega-c-elf.a(fputs.XX_elo)
                  0x000a9c                  _fputs
 .libc.memcpy     0x000b36         0x16 /opt/microchip/xc16/v1.30/bin/bin/../../lib/liblega-c-elf.a(memcpy.XX_elo)
                  0x000b36                  _memcpy
 .libc.strlen     0x000b4c         0x18 /opt/microchip/xc16/v1.30/bin/bin/../../lib/liblega-c-elf.a(strlen.XX_elo)
                  0x000b4c                  _strlen
 .libc.strrchr    0x000b64         0x20 /opt/microchip/xc16/v1.30/bin/bin/../../lib/liblega-c-elf.a(strrchr.XX_elo)
                  0x000b64                  _strrchr
 .libc._Fwprep    0x000b84         0x90 /opt/microchip/xc16/v1.30/bin/bin/../../lib/liblega-c-elf.a(xfwprep.XX_elo)
                  0x000b84                  __Fwprep
 .libc.prout      0x000c14         0x24 /opt/microchip/xc16/v1.30/bin/bin/../../lib/liblega-c-elf.a(printf_cdnopuxX.XXelo)
                  0x000c14                  printf_cdnopuxX.XXelo:_prout
 .libc._printf_cdnopuxX
                  0x000c38         0x10 /opt/microchip/xc16/v1.30/bin/bin/../../lib/liblega-c-elf.a(printf_cdnopuxX.XXelo)
                  0x000c38                  __printf_cdnopuxX
 .libc.__Printf_cdnopuxX
                  0x000c48        0x184 /opt/microchip/xc16/v1.30/bin/bin/../../lib/liblega-c-elf.a(xprintf_cdnopuxX.XXelo)
                  0x000c48                  ___Printf_cdnopuxX
 .libc.__Putfld_cdnopuxX
                  0x000dcc        0x214 /opt/microchip/xc16/v1.30/bin/bin/../../lib/liblega-c-elf.a(xputfld_cdnopuxX.XXelo)
                  0x000dcc                  ___Putfld_cdnopuxX
 .libc.closeallreg
                  0x000fe0          0x4 /opt/microchip/xc16/v1.30/bin/bin/../../lib/liblega-c-elf.a(fclose.XX_eo)
 .libc._Closreg
                  0x000fe4         0x12 /opt/microchip/xc16/v1.30/bin/bin/../../lib/liblega-c-elf.a(fclose.XX_eo)
                  0x000fe4                  __Closreg
 .libc.fclose     0x000ff6         0x84 /opt/microchip/xc16/v1.30/bin/bin/../../lib/liblega-c-elf.a(fclose.XX_eo)
                  0x000ff6                  _fclose
 .libc.closeall
                  0x00107a         0x16 /opt/microchip/xc16/v1.30/bin/bin/../../lib/liblega-c-elf.a(fclose.XX_eo)
                  0x00107a                  fclose.XX_eo:_closeall
 .libc._DNKfflush
                  0x001090         0x76 /opt/microchip/xc16/v1.30/bin/bin/../../lib/liblega-c-elf.a(fflush.XX_eo)
                  0x001090                  __DNKfflush
 .libc.strchr     0x001106         0x18 /opt/microchip/xc16/v1.30/bin/bin/../../lib/liblega-c-elf.a(strchr.XX_eo)
                  0x001106                  _strchr
 .libc._Atexit    0x00111e         0x18 /opt/microchip/xc16/v1.30/bin/bin/../../lib/liblega-c-elf.a(xatexit.XX_eo)
                  0x00111e                  __Atexit
 .libc._Vacopy    0x001136          0x4 /opt/microchip/xc16/v1.30/bin/bin/../../lib/liblega-c-elf.a(xvacopy.XX_eo)
                  0x001136                  __Vacopy
 .libc.free       0x00113a         0x6a /opt/microchip/xc16/v1.30/bin/bin/../../lib/liblega-c-elf.a(free.XX_elo)
                  0x00113a                  _free
 .libc.fwrite     0x0011a4         0xd4 /opt/microchip/xc16/v1.30/bin/bin/../../lib/liblega-c-elf.a(fwrite.XX_elo)
                  0x0011a4                  _fwrite
 .libc.findmem    0x001278         0x78 /opt/microchip/xc16/v1.30/bin/bin/../../lib/liblega-c-elf.a(malloc.XX_elo)
 .libc.malloc     0x0012f0         0x6e /opt/microchip/xc16/v1.30/bin/bin/../../lib/liblega-c-elf.a(malloc.XX_elo)
                  0x0012f0                  _malloc
 .libc.memchr     0x00135e         0x30 /opt/microchip/xc16/v1.30/bin/bin/../../lib/liblega-c-elf.a(memchr.XX_elo)
                  0x00135e                  _memchr
 .libc._Getmem    0x00138e         0x18 /opt/microchip/xc16/v1.30/bin/bin/../../lib/liblega-c-elf.a(xgetmem.XX_elo)
                  0x00138e                  __Getmem
 .libc._Litob     0x0013a6        0x260 /opt/microchip/xc16/v1.30/bin/bin/../../lib/liblega-c-elf.a(xlitob.XX_elo)
                  0x0013a6                  __Litob
 .libc._Puttxt    0x001606        0x17e /opt/microchip/xc16/v1.30/bin/bin/../../lib/liblega-c-elf.a(xputtxt.XX_elo)
                  0x001606                  __Puttxt
 .libc.doclose    0x001784          0x4 /opt/microchip/xc16/v1.30/bin/bin/../../lib/liblega-pic30-elf.a(close.Leo)
 .libc.doremove
                  0x001788          0x4 /opt/microchip/xc16/v1.30/bin/bin/../../lib/liblega-pic30-elf.a(remove.Leo)
 .libm.divsi3     0x00178c         0x1e /opt/microchip/xc16/v1.30/bin/bin/../../lib/libm-elf.a(divsi3.eo)
                  0x00178c                  ___divsi3
 .libm.udivsi3    0x0017aa         0x20 /opt/microchip/xc16/v1.30/bin/bin/../../lib/libm-elf.a(udivsi3.eo)
                  0x0017aa                  ___udivsi3
 .libm.umodsi3    0x0017ca          0x6 /opt/microchip/xc16/v1.30/bin/bin/../../lib/libm-elf.a(umodsi3.eo)
                  0x0017ca                  ___umodsi3
 .libm.mulsi3     0x0017d0          0xc /opt/microchip/xc16/v1.30/bin/bin/../../lib/libm-elf.a(mulsi3.eo)
                  0x0017d0                  ___mulp32eds3
                  0x0017d0                  ___mulp32peds3
                  0x0017d0                  ___mulsi3
 .libm.__PplusBdi
                  0x0017dc         0x26 /opt/microchip/xc16/v1.30/bin/bin/../../lib/libm-elf.a(divmoddi3.eo)
 .libm.__PminusBdi
                  0x001802         0x26 /opt/microchip/xc16/v1.30/bin/bin/../../lib/libm-elf.a(divmoddi3.eo)
 .libm.__udivmoddi3
                  0x001828         0xe6 /opt/microchip/xc16/v1.30/bin/bin/../../lib/libm-elf.a(divmoddi3.eo)
                  0x001828                  ___udivmoddi3
 .libm.__udivdi3
                  0x00190e          0xe /opt/microchip/xc16/v1.30/bin/bin/../../lib/libm-elf.a(divmoddi3.eo)
                  0x00190e                  ___udivdi3
 .libm.__umoddi3
                  0x00191c          0x8 /opt/microchip/xc16/v1.30/bin/bin/../../lib/libm-elf.a(divmoddi3.eo)
                  0x00191c                  ___umoddi3
 .libm.__divdi3
                  0x001924         0x60 /opt/microchip/xc16/v1.30/bin/bin/../../lib/libm-elf.a(divmoddi3.eo)
                  0x001924                  ___divdi3
 .libm.__moddi3
                  0x001984         0x5c /opt/microchip/xc16/v1.30/bin/bin/../../lib/libm-elf.a(divmoddi3.eo)
                  0x001984                  ___moddi3

usercode
 *(usercode)

__FBS             0xf80000          0x2
 *(__FBS.sec*)
 __FBS.sec        0xf80000          0x2 FBS
                  0xf80000                  __FBS.sec

__FGS             0xf80004          0x2
 *(__FGS.sec*)
 __FGS.sec        0xf80004          0x2 FGS
                  0xf80004                  __FGS.sec

__FOSCSEL
 *(__FOSCSEL.sec*)

__FOSC
 *(__FOSC.sec*)

__FWDT
 *(__FWDT.sec*)

__FPOR
 *(__FPOR.sec*)

__FICD
 *(__FICD.sec*)

.comment          0x000000         0x5e
 *(.comment)
 .comment         0x000000         0x5e /opt/microchip/xc16/v1.30/bin/bin/../../lib/liblega-c-elf.a(xfiles.XX_eo)

.debug_info       0x000000       0x6394
 *(.debug_info)
 .debug_info      0x000000         0xec build/default/production/mcc_generated_files/interrupt_manager.o
 .debug_info      0x0000ec        0x394 build/default/production/mcc_generated_files/traps.o
 .debug_info      0x000480        0x205 build/default/production/mcc_generated_files/mcc.o
 .debug_info      0x000685        0x313 build/default/production/mcc_generated_files/pin_manager.o
 .debug_info      0x000998        0xbcc build/default/production/mcc_generated_files/mccp1_compare.o
 .debug_info      0x001564        0x73a build/default/production/mcc_generated_files/uart1.o
 .debug_info      0x001c9e        0x76b build/default/production/mcc_generated_files/mssp1_spi.o
 .debug_info      0x002409        0xe9f build/default/production/mcc_generated_files/mssp2_i2c.o
 .debug_info      0x0032a8        0x736 build/default/production/mcc_generated_files/tmr1.o
 .debug_info      0x0039de        0x44f build/default/production/main.o
 .debug_info      0x003e2d        0xbba build/default/production/LTP_system.o
 .debug_info      0x0049e7        0x3ec build/default/production/encoder.o
 .debug_info      0x004dd3        0x702 build/default/production/lidar.o
 .debug_info      0x0054d5        0x42b build/default/production/motor.o
 .debug_info      0x005900        0x4eb build/default/production/PID.o
 .debug_info      0x005deb        0x2cf build/default/production/sweep.o
 .debug_info      0x0060ba        0x2da build/default/production/tests.o
 *(.gnu.linkonce.wi.*)

.debug_abbrev     0x000000       0x10bf
 *(.debug_abbrev)
 .debug_abbrev    0x000000         0x34 build/default/production/mcc_generated_files/interrupt_manager.o
 .debug_abbrev    0x000034        0x10d build/default/production/mcc_generated_files/traps.o
 .debug_abbrev    0x000141         0x59 build/default/production/mcc_generated_files/mcc.o
 .debug_abbrev    0x00019a         0x5d build/default/production/mcc_generated_files/pin_manager.o
 .debug_abbrev    0x0001f7        0x120 build/default/production/mcc_generated_files/mccp1_compare.o
 .debug_abbrev    0x000317        0x147 build/default/production/mcc_generated_files/uart1.o
 .debug_abbrev    0x00045e        0x11c build/default/production/mcc_generated_files/mssp1_spi.o
 .debug_abbrev    0x00057a        0x212 build/default/production/mcc_generated_files/mssp2_i2c.o
 .debug_abbrev    0x00078c        0x148 build/default/production/mcc_generated_files/tmr1.o
 .debug_abbrev    0x0008d4        0x109 build/default/production/main.o
 .debug_abbrev    0x0009dd        0x102 build/default/production/LTP_system.o
 .debug_abbrev    0x000adf        0x103 build/default/production/encoder.o
 .debug_abbrev    0x000be2        0x150 build/default/production/lidar.o
 .debug_abbrev    0x000d32        0x13f build/default/production/motor.o
 .debug_abbrev    0x000e71        0x10e build/default/production/PID.o
 .debug_abbrev    0x000f7f         0xc3 build/default/production/sweep.o
 .debug_abbrev    0x001042         0x7d build/default/production/tests.o

.debug_line       0x000000       0x1476
 *(.debug_line)
 .debug_line      0x000000         0x55 build/default/production/mcc_generated_files/interrupt_manager.o
 .debug_line      0x000055        0x140 build/default/production/mcc_generated_files/traps.o
 .debug_line      0x000195         0xf3 build/default/production/mcc_generated_files/mcc.o
 .debug_line      0x000288         0xac build/default/production/mcc_generated_files/pin_manager.o
 .debug_line      0x000334        0x206 build/default/production/mcc_generated_files/mccp1_compare.o
 .debug_line      0x00053a        0x138 build/default/production/mcc_generated_files/uart1.o
 .debug_line      0x000672        0x150 build/default/production/mcc_generated_files/mssp1_spi.o
 .debug_line      0x0007c2        0x263 build/default/production/mcc_generated_files/mssp2_i2c.o
 .debug_line      0x000a25        0x198 build/default/production/mcc_generated_files/tmr1.o
 .debug_line      0x000bbd         0xe2 build/default/production/main.o
 .debug_line      0x000c9f        0x131 build/default/production/LTP_system.o
 .debug_line      0x000dd0        0x106 build/default/production/encoder.o
 .debug_line      0x000ed6        0x1d8 build/default/production/lidar.o
 .debug_line      0x0010ae        0x103 build/default/production/motor.o
 .debug_line      0x0011b1        0x118 build/default/production/PID.o
 .debug_line      0x0012c9         0xe6 build/default/production/sweep.o
 .debug_line      0x0013af         0xc7 build/default/production/tests.o

.debug_frame      0x000000        0xb4e
 *(.debug_frame)
 .debug_frame     0x000000         0x30 build/default/production/mcc_generated_files/interrupt_manager.o
 .debug_frame     0x000030         0x80 build/default/production/mcc_generated_files/traps.o
 .debug_frame     0x0000b0         0x4c build/default/production/mcc_generated_files/mcc.o
 .debug_frame     0x0000fc         0x30 build/default/production/mcc_generated_files/pin_manager.o
 .debug_frame     0x00012c        0x1d4 build/default/production/mcc_generated_files/mccp1_compare.o
 .debug_frame     0x000300         0xa0 build/default/production/mcc_generated_files/uart1.o
 .debug_frame     0x0003a0         0xc2 build/default/production/mcc_generated_files/mssp1_spi.o
 .debug_frame     0x000462        0x188 build/default/production/mcc_generated_files/mssp2_i2c.o
 .debug_frame     0x0005ea        0x148 build/default/production/mcc_generated_files/tmr1.o
 .debug_frame     0x000732         0x30 build/default/production/main.o
 .debug_frame     0x000762         0x8a build/default/production/LTP_system.o
 .debug_frame     0x0007ec         0x8a build/default/production/encoder.o
 .debug_frame     0x000876         0xbc build/default/production/lidar.o
 .debug_frame     0x000932         0x84 build/default/production/motor.o
 .debug_frame     0x0009b6         0xa6 build/default/production/PID.o
 .debug_frame     0x000a5c         0x52 build/default/production/sweep.o
 .debug_frame     0x000aae         0xa0 build/default/production/tests.o

.debug_str        0x000000        0x339
 *(.debug_str)
 .debug_str       0x000000          0xc build/default/production/mcc_generated_files/traps.o
 .debug_str       0x00000c         0x9d build/default/production/mcc_generated_files/mccp1_compare.o
 .debug_str       0x0000a9         0x15 build/default/production/mcc_generated_files/uart1.o
 .debug_str       0x0000be         0x3e build/default/production/mcc_generated_files/mssp1_spi.o
 .debug_str       0x0000fc         0x66 build/default/production/mcc_generated_files/mssp2_i2c.o
 .debug_str       0x000162         0x13 build/default/production/mcc_generated_files/tmr1.o
 .debug_str       0x000175         0x27 build/default/production/main.o
 .debug_str       0x00019c         0x76 build/default/production/LTP_system.o
 .debug_str       0x000212         0x1a build/default/production/encoder.o
 .debug_str       0x00022c         0x6b build/default/production/lidar.o
 .debug_str       0x000297         0x1f build/default/production/motor.o
 .debug_str       0x0002b6         0x5e build/default/production/PID.o
 .debug_str       0x000314         0x1c build/default/production/sweep.o
 .debug_str       0x000330          0x9 build/default/production/tests.o

.debug_loc
 *(.debug_loc)

.debug_macinfo
 *(.debug_macinfo)

.debug_pubnames
                  0x000000        0xb23
 *(.debug_pubnames)
 .debug_pubnames
                  0x000000         0x2b build/default/production/mcc_generated_files/interrupt_manager.o
 .debug_pubnames
                  0x00002b         0x6f build/default/production/mcc_generated_files/traps.o
 .debug_pubnames
                  0x00009a         0x42 build/default/production/mcc_generated_files/mcc.o
 .debug_pubnames
                  0x0000dc         0x2d build/default/production/mcc_generated_files/pin_manager.o
 .debug_pubnames
                  0x000109        0x24c build/default/production/mcc_generated_files/mccp1_compare.o
 .debug_pubnames
                  0x000355         0x64 build/default/production/mcc_generated_files/uart1.o
 .debug_pubnames
                  0x0003b9         0xd1 build/default/production/mcc_generated_files/mssp1_spi.o
 .debug_pubnames
                  0x00048a        0x130 build/default/production/mcc_generated_files/mssp2_i2c.o
 .debug_pubnames
                  0x0005ba        0x11a build/default/production/mcc_generated_files/tmr1.o
 .debug_pubnames
                  0x0006d4         0x44 build/default/production/main.o
 .debug_pubnames
                  0x000718         0x9d build/default/production/LTP_system.o
 .debug_pubnames
                  0x0007b5         0x7d build/default/production/encoder.o
 .debug_pubnames
                  0x000832         0xad build/default/production/lidar.o
 .debug_pubnames
                  0x0008df         0x7e build/default/production/motor.o
 .debug_pubnames
                  0x00095d        0x102 build/default/production/PID.o
 .debug_pubnames
                  0x000a5f         0x80 build/default/production/sweep.o
 .debug_pubnames
                  0x000adf         0x44 build/default/production/tests.o

.debug_ranges
 *(.debug_ranges)

.debug_aranges    0x000000        0x470
 *(.debug_aranges)
 .debug_aranges
                  0x000000         0x20 build/default/production/mcc_generated_files/interrupt_manager.o
 .debug_aranges
                  0x000020         0x48 build/default/production/mcc_generated_files/traps.o
 .debug_aranges
                  0x000068         0x28 build/default/production/mcc_generated_files/mcc.o
 .debug_aranges
                  0x000090         0x20 build/default/production/mcc_generated_files/pin_manager.o
 .debug_aranges
                  0x0000b0         0x98 build/default/production/mcc_generated_files/mccp1_compare.o
 .debug_aranges
                  0x000148         0x40 build/default/production/mcc_generated_files/uart1.o
 .debug_aranges
                  0x000188         0x48 build/default/production/mcc_generated_files/mssp1_spi.o
 .debug_aranges
                  0x0001d0         0x78 build/default/production/mcc_generated_files/mssp2_i2c.o
 .debug_aranges
                  0x000248         0x70 build/default/production/mcc_generated_files/tmr1.o
 .debug_aranges
                  0x0002b8         0x20 build/default/production/main.o
 .debug_aranges
                  0x0002d8         0x38 build/default/production/LTP_system.o
 .debug_aranges
                  0x000310         0x38 build/default/production/encoder.o
 .debug_aranges
                  0x000348         0x48 build/default/production/lidar.o
 .debug_aranges
                  0x000390         0x38 build/default/production/motor.o
 .debug_aranges
                  0x0003c8         0x40 build/default/production/PID.o
 .debug_aranges
                  0x000408         0x28 build/default/production/sweep.o
 .debug_aranges
                  0x000430         0x40 build/default/production/tests.o
                    0x0000                  WREG0 = 0x0
                    0x0000                  _WREG0 = 0x0
                    0x0002                  WREG1 = 0x2
                    0x0002                  _WREG1 = 0x2
                    0x0004                  WREG2 = 0x4
                    0x0004                  _WREG2 = 0x4
                    0x0006                  WREG3 = 0x6
                    0x0006                  _WREG3 = 0x6
                    0x0008                  WREG4 = 0x8
                    0x0008                  _WREG4 = 0x8
                    0x000a                  WREG5 = 0xa
                    0x000a                  _WREG5 = 0xa
                    0x000c                  WREG6 = 0xc
                    0x000c                  _WREG6 = 0xc
                    0x000e                  WREG7 = 0xe
                    0x000e                  _WREG7 = 0xe
                    0x0010                  WREG8 = 0x10
                    0x0010                  _WREG8 = 0x10
                    0x0012                  WREG9 = 0x12
                    0x0012                  _WREG9 = 0x12
                    0x0014                  WREG10 = 0x14
                    0x0014                  _WREG10 = 0x14
                    0x0016                  WREG11 = 0x16
                    0x0016                  _WREG11 = 0x16
                    0x0018                  WREG12 = 0x18
                    0x0018                  _WREG12 = 0x18
                    0x001a                  WREG13 = 0x1a
                    0x001a                  _WREG13 = 0x1a
                    0x001c                  WREG14 = 0x1c
                    0x001c                  _WREG14 = 0x1c
                    0x001e                  WREG15 = 0x1e
                    0x001e                  _WREG15 = 0x1e
                    0x0020                  SPLIM = 0x20
                    0x0020                  _SPLIM = 0x20
                    0x002e                  PCL = 0x2e
                    0x002e                  _PCL = 0x2e
                    0x0030                  PCH = 0x30
                    0x0030                  _PCH = 0x30
                    0x0032                  TBLPAG = 0x32
                    0x0032                  _TBLPAG = 0x32
                    0x0032                  _TBLPAGbits = 0x32
                    0x0034                  PSVPAG = 0x34
                    0x0034                  _PSVPAG = 0x34
                    0x0034                  _PSVPAGbits = 0x34
                    0x0036                  RCOUNT = 0x36
                    0x0036                  _RCOUNT = 0x36
                    0x0042                  SR = 0x42
                    0x0042                  _SR = 0x42
                    0x0042                  _SRbits = 0x42
                    0x0044                  CORCON = 0x44
                    0x0044                  _CORCON = 0x44
                    0x0044                  _CORCONbits = 0x44
                    0x0052                  DISICNT = 0x52
                    0x0052                  _DISICNT = 0x52
                    0x0052                  _DISICNTbits = 0x52
                    0x0056                  CNPD1 = 0x56
                    0x0056                  _CNPD1 = 0x56
                    0x0056                  _CNPD1bits = 0x56
                    0x0058                  CNPD2 = 0x58
                    0x0058                  _CNPD2 = 0x58
                    0x0058                  _CNPD2bits = 0x58
                    0x005a                  CNPD3 = 0x5a
                    0x005a                  _CNPD3 = 0x5a
                    0x005a                  _CNPD3bits = 0x5a
                    0x0062                  CNEN1 = 0x62
                    0x0062                  _CNEN1 = 0x62
                    0x0062                  _CNEN1bits = 0x62
                    0x0064                  CNEN2 = 0x64
                    0x0064                  _CNEN2 = 0x64
                    0x0064                  _CNEN2bits = 0x64
                    0x0066                  CNEN3 = 0x66
                    0x0066                  _CNEN3 = 0x66
                    0x0066                  _CNEN3bits = 0x66
                    0x006e                  CNPU1 = 0x6e
                    0x006e                  _CNPU1 = 0x6e
                    0x006e                  _CNPU1bits = 0x6e
                    0x0070                  CNPU2 = 0x70
                    0x0070                  _CNPU2 = 0x70
                    0x0070                  _CNPU2bits = 0x70
                    0x0072                  CNPU3 = 0x72
                    0x0072                  _CNPU3 = 0x72
                    0x0072                  _CNPU3bits = 0x72
                    0x0080                  INTCON1 = 0x80
                    0x0080                  _INTCON1 = 0x80
                    0x0080                  _INTCON1bits = 0x80
                    0x0082                  INTCON2 = 0x82
                    0x0082                  _INTCON2 = 0x82
                    0x0082                  _INTCON2bits = 0x82
                    0x0084                  IFS0 = 0x84
                    0x0084                  _IFS0 = 0x84
                    0x0084                  _IFS0bits = 0x84
                    0x0086                  IFS1 = 0x86
                    0x0086                  _IFS1 = 0x86
                    0x0086                  _IFS1bits = 0x86
                    0x0088                  IFS2 = 0x88
                    0x0088                  _IFS2 = 0x88
                    0x0088                  _IFS2bits = 0x88
                    0x008a                  IFS3 = 0x8a
                    0x008a                  _IFS3 = 0x8a
                    0x008a                  _IFS3bits = 0x8a
                    0x008c                  IFS4 = 0x8c
                    0x008c                  _IFS4 = 0x8c
                    0x008c                  _IFS4bits = 0x8c
                    0x008e                  IFS5 = 0x8e
                    0x008e                  _IFS5 = 0x8e
                    0x008e                  _IFS5bits = 0x8e
                    0x0090                  IFS6 = 0x90
                    0x0090                  _IFS6 = 0x90
                    0x0090                  _IFS6bits = 0x90
                    0x0094                  IEC0 = 0x94
                    0x0094                  _IEC0 = 0x94
                    0x0094                  _IEC0bits = 0x94
                    0x0096                  IEC1 = 0x96
                    0x0096                  _IEC1 = 0x96
                    0x0096                  _IEC1bits = 0x96
                    0x0098                  IEC2 = 0x98
                    0x0098                  _IEC2 = 0x98
                    0x0098                  _IEC2bits = 0x98
                    0x009a                  IEC3 = 0x9a
                    0x009a                  _IEC3 = 0x9a
                    0x009a                  _IEC3bits = 0x9a
                    0x009c                  IEC4 = 0x9c
                    0x009c                  _IEC4 = 0x9c
                    0x009c                  _IEC4bits = 0x9c
                    0x009e                  IEC5 = 0x9e
                    0x009e                  _IEC5 = 0x9e
                    0x009e                  _IEC5bits = 0x9e
                    0x00a0                  IEC6 = 0xa0
                    0x00a0                  _IEC6 = 0xa0
                    0x00a0                  _IEC6bits = 0xa0
                    0x00a4                  IPC0 = 0xa4
                    0x00a4                  _IPC0 = 0xa4
                    0x00a4                  _IPC0bits = 0xa4
                    0x00a6                  IPC1 = 0xa6
                    0x00a6                  _IPC1 = 0xa6
                    0x00a6                  _IPC1bits = 0xa6
                    0x00a8                  IPC2 = 0xa8
                    0x00a8                  _IPC2 = 0xa8
                    0x00a8                  _IPC2bits = 0xa8
                    0x00aa                  IPC3 = 0xaa
                    0x00aa                  _IPC3 = 0xaa
                    0x00aa                  _IPC3bits = 0xaa
                    0x00ac                  IPC4 = 0xac
                    0x00ac                  _IPC4 = 0xac
                    0x00ac                  _IPC4bits = 0xac
                    0x00ae                  IPC5 = 0xae
                    0x00ae                  _IPC5 = 0xae
                    0x00ae                  _IPC5bits = 0xae
                    0x00b0                  IPC6 = 0xb0
                    0x00b0                  _IPC6 = 0xb0
                    0x00b0                  _IPC6bits = 0xb0
                    0x00b2                  IPC7 = 0xb2
                    0x00b2                  _IPC7 = 0xb2
                    0x00b2                  _IPC7bits = 0xb2
                    0x00b8                  IPC10 = 0xb8
                    0x00b8                  _IPC10 = 0xb8
                    0x00b8                  _IPC10bits = 0xb8
                    0x00bc                  IPC12 = 0xbc
                    0x00bc                  _IPC12 = 0xbc
                    0x00bc                  _IPC12bits = 0xbc
                    0x00c2                  IPC15 = 0xc2
                    0x00c2                  _IPC15 = 0xc2
                    0x00c2                  _IPC15bits = 0xc2
                    0x00c4                  IPC16 = 0xc4
                    0x00c4                  _IPC16 = 0xc4
                    0x00c4                  _IPC16bits = 0xc4
                    0x00c8                  IPC18 = 0xc8
                    0x00c8                  _IPC18 = 0xc8
                    0x00c8                  _IPC18bits = 0xc8
                    0x00ca                  IPC19 = 0xca
                    0x00ca                  _IPC19 = 0xca
                    0x00ca                  _IPC19bits = 0xca
                    0x00cc                  IPC20 = 0xcc
                    0x00cc                  _IPC20 = 0xcc
                    0x00cc                  _IPC20bits = 0xcc
                    0x00d4                  IPC24 = 0xd4
                    0x00d4                  _IPC24 = 0xd4
                    0x00d4                  _IPC24bits = 0xd4
                    0x00e0                  INTTREG = 0xe0
                    0x00e0                  _INTTREG = 0xe0
                    0x00e0                  _INTTREGbits = 0xe0
                    0x0100                  TMR1 = 0x100
                    0x0100                  _TMR1 = 0x100
                    0x0102                  PR1 = 0x102
                    0x0102                  _PR1 = 0x102
                    0x0104                  T1CON = 0x104
                    0x0104                  _T1CON = 0x104
                    0x0104                  _T1CONbits = 0x104
                    0x0122                  CLC1CONL = 0x122
                    0x0122                  _CLC1CONL = 0x122
                    0x0122                  _CLC1CONLbits = 0x122
                    0x0124                  CLC1CONH = 0x124
                    0x0124                  _CLC1CONH = 0x124
                    0x0124                  _CLC1CONHbits = 0x124
                    0x0126                  CLC1SEL = 0x126
                    0x0126                  _CLC1SEL = 0x126
                    0x0126                  _CLC1SELbits = 0x126
                    0x0126                  CLC1SELL = 0x126
                    0x0126                  _CLC1SELL = 0x126
                    0x0126                  _CLC1SELLbits = 0x126
                    0x012a                  CLC1GLSL = 0x12a
                    0x012a                  _CLC1GLSL = 0x12a
                    0x012a                  _CLC1GLSLbits = 0x12a
                    0x012c                  CLC1GLSH = 0x12c
                    0x012c                  _CLC1GLSH = 0x12c
                    0x012c                  _CLC1GLSHbits = 0x12c
                    0x012e                  CLC2CONL = 0x12e
                    0x012e                  _CLC2CONL = 0x12e
                    0x012e                  _CLC2CONLbits = 0x12e
                    0x0130                  CLC2CONH = 0x130
                    0x0130                  _CLC2CONH = 0x130
                    0x0130                  _CLC2CONHbits = 0x130
                    0x0132                  CLC2SEL = 0x132
                    0x0132                  _CLC2SEL = 0x132
                    0x0132                  _CLC2SELbits = 0x132
                    0x0132                  CLC2SELL = 0x132
                    0x0132                  _CLC2SELL = 0x132
                    0x0132                  _CLC2SELLbits = 0x132
                    0x0136                  CLC2GLSL = 0x136
                    0x0136                  _CLC2GLSL = 0x136
                    0x0136                  _CLC2GLSLbits = 0x136
                    0x0138                  CLC2GLSH = 0x138
                    0x0138                  _CLC2GLSH = 0x138
                    0x0138                  _CLC2GLSHbits = 0x138
                    0x0140                  CCP1CON1L = 0x140
                    0x0140                  _CCP1CON1L = 0x140
                    0x0140                  _CCP1CON1Lbits = 0x140
                    0x0142                  CCP1CON1H = 0x142
                    0x0142                  _CCP1CON1H = 0x142
                    0x0142                  _CCP1CON1Hbits = 0x142
                    0x0144                  CCP1CON2L = 0x144
                    0x0144                  _CCP1CON2L = 0x144
                    0x0144                  _CCP1CON2Lbits = 0x144
                    0x0146                  CCP1CON2H = 0x146
                    0x0146                  _CCP1CON2H = 0x146
                    0x0146                  _CCP1CON2Hbits = 0x146
                    0x0148                  CCP1CON3L = 0x148
                    0x0148                  _CCP1CON3L = 0x148
                    0x0148                  _CCP1CON3Lbits = 0x148
                    0x014a                  CCP1CON3H = 0x14a
                    0x014a                  _CCP1CON3H = 0x14a
                    0x014a                  _CCP1CON3Hbits = 0x14a
                    0x014c                  CCP1STAT = 0x14c
                    0x014c                  _CCP1STAT = 0x14c
                    0x014c                  _CCP1STATbits = 0x14c
                    0x014c                  CCP1STATL = 0x14c
                    0x014c                  _CCP1STATL = 0x14c
                    0x014c                  _CCP1STATLbits = 0x14c
                    0x0150                  CCP1TMRL = 0x150
                    0x0150                  _CCP1TMRL = 0x150
                    0x0152                  CCP1TMRH = 0x152
                    0x0152                  _CCP1TMRH = 0x152
                    0x0154                  CCP1PRL = 0x154
                    0x0154                  _CCP1PRL = 0x154
                    0x0156                  CCP1PRH = 0x156
                    0x0156                  _CCP1PRH = 0x156
                    0x0158                  CCP1RA = 0x158
                    0x0158                  _CCP1RA = 0x158
                    0x0158                  CCP1RAL = 0x158
                    0x0158                  _CCP1RAL = 0x158
                    0x015c                  CCP1RB = 0x15c
                    0x015c                  _CCP1RB = 0x15c
                    0x015c                  CCP1RBL = 0x15c
                    0x015c                  _CCP1RBL = 0x15c
                    0x0160                  CCP1BUFL = 0x160
                    0x0160                  _CCP1BUFL = 0x160
                    0x0162                  CCP1BUFH = 0x162
                    0x0162                  _CCP1BUFH = 0x162
                    0x0164                  CCP2CON1L = 0x164
                    0x0164                  _CCP2CON1L = 0x164
                    0x0164                  _CCP2CON1Lbits = 0x164
                    0x0166                  CCP2CON1H = 0x166
                    0x0166                  _CCP2CON1H = 0x166
                    0x0166                  _CCP2CON1Hbits = 0x166
                    0x0168                  CCP2CON2L = 0x168
                    0x0168                  _CCP2CON2L = 0x168
                    0x0168                  _CCP2CON2Lbits = 0x168
                    0x016a                  CCP2CON2H = 0x16a
                    0x016a                  _CCP2CON2H = 0x16a
                    0x016a                  _CCP2CON2Hbits = 0x16a
                    0x016c                  CCP2CON3L = 0x16c
                    0x016c                  _CCP2CON3L = 0x16c
                    0x016c                  _CCP2CON3Lbits = 0x16c
                    0x016e                  CCP2CON3H = 0x16e
                    0x016e                  _CCP2CON3H = 0x16e
                    0x016e                  _CCP2CON3Hbits = 0x16e
                    0x0170                  CCP2STAT = 0x170
                    0x0170                  _CCP2STAT = 0x170
                    0x0170                  _CCP2STATbits = 0x170
                    0x0170                  CCP2STATL = 0x170
                    0x0170                  _CCP2STATL = 0x170
                    0x0170                  _CCP2STATLbits = 0x170
                    0x0174                  CCP2TMRL = 0x174
                    0x0174                  _CCP2TMRL = 0x174
                    0x0176                  CCP2TMRH = 0x176
                    0x0176                  _CCP2TMRH = 0x176
                    0x0178                  CCP2PRL = 0x178
                    0x0178                  _CCP2PRL = 0x178
                    0x017a                  CCP2PRH = 0x17a
                    0x017a                  _CCP2PRH = 0x17a
                    0x017c                  CCP2RA = 0x17c
                    0x017c                  _CCP2RA = 0x17c
                    0x017c                  CCP2RAL = 0x17c
                    0x017c                  _CCP2RAL = 0x17c
                    0x0180                  CCP2RB = 0x180
                    0x0180                  _CCP2RB = 0x180
                    0x0180                  CCP2RBL = 0x180
                    0x0180                  _CCP2RBL = 0x180
                    0x0184                  CCP2BUFL = 0x184
                    0x0184                  _CCP2BUFL = 0x184
                    0x0186                  CCP2BUFH = 0x186
                    0x0186                  _CCP2BUFH = 0x186
                    0x0188                  CCP3CON1L = 0x188
                    0x0188                  _CCP3CON1L = 0x188
                    0x0188                  _CCP3CON1Lbits = 0x188
                    0x018a                  CCP3CON1H = 0x18a
                    0x018a                  _CCP3CON1H = 0x18a
                    0x018a                  _CCP3CON1Hbits = 0x18a
                    0x018c                  CCP3CON2L = 0x18c
                    0x018c                  _CCP3CON2L = 0x18c
                    0x018c                  _CCP3CON2Lbits = 0x18c
                    0x018e                  CCP3CON2H = 0x18e
                    0x018e                  _CCP3CON2H = 0x18e
                    0x018e                  _CCP3CON2Hbits = 0x18e
                    0x0190                  CCP3CON3L = 0x190
                    0x0190                  _CCP3CON3L = 0x190
                    0x0190                  _CCP3CON3Lbits = 0x190
                    0x0192                  CCP3CON3H = 0x192
                    0x0192                  _CCP3CON3H = 0x192
                    0x0192                  _CCP3CON3Hbits = 0x192
                    0x0194                  CCP3STAT = 0x194
                    0x0194                  _CCP3STAT = 0x194
                    0x0194                  _CCP3STATbits = 0x194
                    0x0194                  CCP3STATL = 0x194
                    0x0194                  _CCP3STATL = 0x194
                    0x0194                  _CCP3STATLbits = 0x194
                    0x0198                  CCP3TMRL = 0x198
                    0x0198                  _CCP3TMRL = 0x198
                    0x019a                  CCP3TMRH = 0x19a
                    0x019a                  _CCP3TMRH = 0x19a
                    0x019c                  CCP3PRL = 0x19c
                    0x019c                  _CCP3PRL = 0x19c
                    0x019e                  CCP3PRH = 0x19e
                    0x019e                  _CCP3PRH = 0x19e
                    0x01a0                  CCP3RA = 0x1a0
                    0x01a0                  _CCP3RA = 0x1a0
                    0x01a0                  CCP3RAL = 0x1a0
                    0x01a0                  _CCP3RAL = 0x1a0
                    0x01a4                  CCP3RB = 0x1a4
                    0x01a4                  _CCP3RB = 0x1a4
                    0x01a4                  CCP3RBL = 0x1a4
                    0x01a4                  _CCP3RBL = 0x1a4
                    0x01a8                  CCP3BUFL = 0x1a8
                    0x01a8                  _CCP3BUFL = 0x1a8
                    0x01aa                  CCP3BUFH = 0x1aa
                    0x01aa                  _CCP3BUFH = 0x1aa
                    0x01ac                  CCP4CON1L = 0x1ac
                    0x01ac                  _CCP4CON1L = 0x1ac
                    0x01ac                  _CCP4CON1Lbits = 0x1ac
                    0x01ae                  CCP4CON1H = 0x1ae
                    0x01ae                  _CCP4CON1H = 0x1ae
                    0x01ae                  _CCP4CON1Hbits = 0x1ae
                    0x01b0                  CCP4CON2L = 0x1b0
                    0x01b0                  _CCP4CON2L = 0x1b0
                    0x01b0                  _CCP4CON2Lbits = 0x1b0
                    0x01b2                  CCP4CON2H = 0x1b2
                    0x01b2                  _CCP4CON2H = 0x1b2
                    0x01b2                  _CCP4CON2Hbits = 0x1b2
                    0x01b6                  CCP4CON3H = 0x1b6
                    0x01b6                  _CCP4CON3H = 0x1b6
                    0x01b6                  _CCP4CON3Hbits = 0x1b6
                    0x01b8                  CCP4STAT = 0x1b8
                    0x01b8                  _CCP4STAT = 0x1b8
                    0x01b8                  _CCP4STATbits = 0x1b8
                    0x01b8                  CCP4STATL = 0x1b8
                    0x01b8                  _CCP4STATL = 0x1b8
                    0x01b8                  _CCP4STATLbits = 0x1b8
                    0x01bc                  CCP4TMRL = 0x1bc
                    0x01bc                  _CCP4TMRL = 0x1bc
                    0x01be                  CCP4TMRH = 0x1be
                    0x01be                  _CCP4TMRH = 0x1be
                    0x01c0                  CCP4PRL = 0x1c0
                    0x01c0                  _CCP4PRL = 0x1c0
                    0x01c2                  CCP4PRH = 0x1c2
                    0x01c2                  _CCP4PRH = 0x1c2
                    0x01c4                  CCP4RA = 0x1c4
                    0x01c4                  _CCP4RA = 0x1c4
                    0x01c4                  CCP4RAL = 0x1c4
                    0x01c4                  _CCP4RAL = 0x1c4
                    0x01c8                  CCP4RB = 0x1c8
                    0x01c8                  _CCP4RB = 0x1c8
                    0x01c8                  CCP4RBL = 0x1c8
                    0x01c8                  _CCP4RBL = 0x1c8
                    0x01cc                  CCP4BUFL = 0x1cc
                    0x01cc                  _CCP4BUFL = 0x1cc
                    0x01ce                  CCP4BUFH = 0x1ce
                    0x01ce                  _CCP4BUFH = 0x1ce
                    0x01d0                  CCP5CON1L = 0x1d0
                    0x01d0                  _CCP5CON1L = 0x1d0
                    0x01d0                  _CCP5CON1Lbits = 0x1d0
                    0x01d2                  CCP5CON1H = 0x1d2
                    0x01d2                  _CCP5CON1H = 0x1d2
                    0x01d2                  _CCP5CON1Hbits = 0x1d2
                    0x01d4                  CCP5CON2L = 0x1d4
                    0x01d4                  _CCP5CON2L = 0x1d4
                    0x01d4                  _CCP5CON2Lbits = 0x1d4
                    0x01d6                  CCP5CON2H = 0x1d6
                    0x01d6                  _CCP5CON2H = 0x1d6
                    0x01d6                  _CCP5CON2Hbits = 0x1d6
                    0x01da                  CCP5CON3H = 0x1da
                    0x01da                  _CCP5CON3H = 0x1da
                    0x01da                  _CCP5CON3Hbits = 0x1da
                    0x01dc                  CCP5STAT = 0x1dc
                    0x01dc                  _CCP5STAT = 0x1dc
                    0x01dc                  _CCP5STATbits = 0x1dc
                    0x01dc                  CCP5STATL = 0x1dc
                    0x01dc                  _CCP5STATL = 0x1dc
                    0x01dc                  _CCP5STATLbits = 0x1dc
                    0x01e0                  CCP5TMRL = 0x1e0
                    0x01e0                  _CCP5TMRL = 0x1e0
                    0x01e2                  CCP5TMRH = 0x1e2
                    0x01e2                  _CCP5TMRH = 0x1e2
                    0x01e4                  CCP5PRL = 0x1e4
                    0x01e4                  _CCP5PRL = 0x1e4
                    0x01e6                  CCP5PRH = 0x1e6
                    0x01e6                  _CCP5PRH = 0x1e6
                    0x01e8                  CCP5RA = 0x1e8
                    0x01e8                  _CCP5RA = 0x1e8
                    0x01e8                  CCP5RAL = 0x1e8
                    0x01e8                  _CCP5RAL = 0x1e8
                    0x01ec                  CCP5RB = 0x1ec
                    0x01ec                  _CCP5RB = 0x1ec
                    0x01ec                  CCP5RBL = 0x1ec
                    0x01ec                  _CCP5RBL = 0x1ec
                    0x01f0                  CCP5BUFL = 0x1f0
                    0x01f0                  _CCP5BUFL = 0x1f0
                    0x01f2                  CCP5BUFH = 0x1f2
                    0x01f2                  _CCP5BUFH = 0x1f2
                    0x0200                  SPI1BUF = 0x200
                    0x0200                  _SPI1BUF = 0x200
                    0x0200                  _SPI1BUFbits = 0x200
                    0x0200                  SSP1BUF = 0x200
                    0x0200                  _SSP1BUF = 0x200
                    0x0200                  _SSP1BUFbits = 0x200
                    0x0202                  SSP1CON1 = 0x202
                    0x0202                  _SSP1CON1 = 0x202
                    0x0202                  _SSP1CON1bits = 0x202
                    0x0204                  SSP1CON2 = 0x204
                    0x0204                  _SSP1CON2 = 0x204
                    0x0204                  _SSP1CON2bits = 0x204
                    0x0206                  SSP1CON3 = 0x206
                    0x0206                  _SSP1CON3 = 0x206
                    0x0206                  _SSP1CON3bits = 0x206
                    0x0208                  SSP1STAT = 0x208
                    0x0208                  _SSP1STAT = 0x208
                    0x0208                  _SSP1STATbits = 0x208
                    0x020a                  I2C1ADD = 0x20a
                    0x020a                  _I2C1ADD = 0x20a
                    0x020a                  _I2C1ADDbits = 0x20a
                    0x020a                  I2C1BRG = 0x20a
                    0x020a                  _I2C1BRG = 0x20a
                    0x020a                  _I2C1BRGbits = 0x20a
                    0x020a                  SSP1ADD = 0x20a
                    0x020a                  _SSP1ADD = 0x20a
                    0x020a                  _SSP1ADDbits = 0x20a
                    0x020a                  SSP1BRG = 0x20a
                    0x020a                  _SSP1BRG = 0x20a
                    0x020a                  _SSP1BRGbits = 0x20a
                    0x020c                  I2C1MSK = 0x20c
                    0x020c                  _I2C1MSK = 0x20c
                    0x020c                  _I2C1MSKbits = 0x20c
                    0x020c                  SSP1MSK = 0x20c
                    0x020c                  _SSP1MSK = 0x20c
                    0x020c                  _SSP1MSKbits = 0x20c
                    0x0210                  SPI2BUF = 0x210
                    0x0210                  _SPI2BUF = 0x210
                    0x0210                  _SPI2BUFbits = 0x210
                    0x0210                  SSP2BUF = 0x210
                    0x0210                  _SSP2BUF = 0x210
                    0x0210                  _SSP2BUFbits = 0x210
                    0x0212                  SSP2CON1 = 0x212
                    0x0212                  _SSP2CON1 = 0x212
                    0x0212                  _SSP2CON1bits = 0x212
                    0x0214                  SSP2CON2 = 0x214
                    0x0214                  _SSP2CON2 = 0x214
                    0x0214                  _SSP2CON2bits = 0x214
                    0x0216                  SSP2CON3 = 0x216
                    0x0216                  _SSP2CON3 = 0x216
                    0x0216                  _SSP2CON3bits = 0x216
                    0x0218                  SSP2STAT = 0x218
                    0x0218                  _SSP2STAT = 0x218
                    0x0218                  _SSP2STATbits = 0x218
                    0x021a                  I2C2ADD = 0x21a
                    0x021a                  _I2C2ADD = 0x21a
                    0x021a                  _I2C2ADDbits = 0x21a
                    0x021a                  I2C2BRG = 0x21a
                    0x021a                  _I2C2BRG = 0x21a
                    0x021a                  _I2C2BRGbits = 0x21a
                    0x021a                  SSP2ADD = 0x21a
                    0x021a                  _SSP2ADD = 0x21a
                    0x021a                  _SSP2ADDbits = 0x21a
                    0x021a                  SSP2BRG = 0x21a
                    0x021a                  _SSP2BRG = 0x21a
                    0x021a                  _SSP2BRGbits = 0x21a
                    0x021c                  I2C2MSK = 0x21c
                    0x021c                  _I2C2MSK = 0x21c
                    0x021c                  _I2C2MSKbits = 0x21c
                    0x021c                  SSP2MSK = 0x21c
                    0x021c                  _SSP2MSK = 0x21c
                    0x021c                  _SSP2MSKbits = 0x21c
                    0x0220                  U1MODE = 0x220
                    0x0220                  _U1MODE = 0x220
                    0x0220                  _U1MODEbits = 0x220
                    0x0222                  U1STA = 0x222
                    0x0222                  _U1STA = 0x222
                    0x0222                  _U1STAbits = 0x222
                    0x0224                  U1TXREG = 0x224
                    0x0224                  _U1TXREG = 0x224
                    0x0226                  U1RXREG = 0x226
                    0x0226                  _U1RXREG = 0x226
                    0x0228                  U1BRG = 0x228
                    0x0228                  _U1BRG = 0x228
                    0x0230                  U2MODE = 0x230
                    0x0230                  _U2MODE = 0x230
                    0x0230                  _U2MODEbits = 0x230
                    0x0232                  U2STA = 0x232
                    0x0232                  _U2STA = 0x232
                    0x0232                  _U2STAbits = 0x232
                    0x0234                  U2TXREG = 0x234
                    0x0234                  _U2TXREG = 0x234
                    0x0236                  U2RXREG = 0x236
                    0x0236                  _U2RXREG = 0x236
                    0x0238                  U2BRG = 0x238
                    0x0238                  _U2BRG = 0x238
                    0x024a                  AMP1CON = 0x24a
                    0x024a                  _AMP1CON = 0x24a
                    0x024a                  _AMP1CONbits = 0x24a
                    0x024c                  AMP2CON = 0x24c
                    0x024c                  _AMP2CON = 0x24c
                    0x024c                  _AMP2CONbits = 0x24c
                    0x0274                  DAC1CON = 0x274
                    0x0274                  _DAC1CON = 0x274
                    0x0274                  _DAC1CONbits = 0x274
                    0x0276                  DAC1DAT = 0x276
                    0x0276                  _DAC1DAT = 0x276
                    0x0278                  DAC2CON = 0x278
                    0x0278                  _DAC2CON = 0x278
                    0x0278                  _DAC2CONbits = 0x278
                    0x027a                  DAC2DAT = 0x27a
                    0x027a                  _DAC2DAT = 0x27a
                    0x02c0                  TRISA = 0x2c0
                    0x02c0                  _TRISA = 0x2c0
                    0x02c0                  _TRISAbits = 0x2c0
                    0x02c2                  PORTA = 0x2c2
                    0x02c2                  _PORTA = 0x2c2
                    0x02c2                  _PORTAbits = 0x2c2
                    0x02c4                  LATA = 0x2c4
                    0x02c4                  _LATA = 0x2c4
                    0x02c4                  _LATAbits = 0x2c4
                    0x02c6                  ODCA = 0x2c6
                    0x02c6                  _ODCA = 0x2c6
                    0x02c6                  _ODCAbits = 0x2c6
                    0x02c8                  TRISB = 0x2c8
                    0x02c8                  _TRISB = 0x2c8
                    0x02c8                  _TRISBbits = 0x2c8
                    0x02ca                  PORTB = 0x2ca
                    0x02ca                  _PORTB = 0x2ca
                    0x02ca                  _PORTBbits = 0x2ca
                    0x02cc                  LATB = 0x2cc
                    0x02cc                  _LATB = 0x2cc
                    0x02cc                  _LATBbits = 0x2cc
                    0x02ce                  ODCB = 0x2ce
                    0x02ce                  _ODCB = 0x2ce
                    0x02ce                  _ODCBbits = 0x2ce
                    0x02d0                  TRISC = 0x2d0
                    0x02d0                  _TRISC = 0x2d0
                    0x02d0                  _TRISCbits = 0x2d0
                    0x02d2                  PORTC = 0x2d2
                    0x02d2                  _PORTC = 0x2d2
                    0x02d2                  _PORTCbits = 0x2d2
                    0x02d4                  LATC = 0x2d4
                    0x02d4                  _LATC = 0x2d4
                    0x02d4                  _LATCbits = 0x2d4
                    0x02d6                  ODCC = 0x2d6
                    0x02d6                  _ODCC = 0x2d6
                    0x02d6                  _ODCCbits = 0x2d6
                    0x02fc                  PADCFG1 = 0x2fc
                    0x02fc                  _PADCFG1 = 0x2fc
                    0x02fc                  _PADCFG1bits = 0x2fc
                    0x0300                  ADC1BUF0 = 0x300
                    0x0300                  _ADC1BUF0 = 0x300
                    0x0302                  ADC1BUF1 = 0x302
                    0x0302                  _ADC1BUF1 = 0x302
                    0x0304                  ADC1BUF2 = 0x304
                    0x0304                  _ADC1BUF2 = 0x304
                    0x0306                  ADC1BUF3 = 0x306
                    0x0306                  _ADC1BUF3 = 0x306
                    0x0308                  ADC1BUF4 = 0x308
                    0x0308                  _ADC1BUF4 = 0x308
                    0x030a                  ADC1BUF5 = 0x30a
                    0x030a                  _ADC1BUF5 = 0x30a
                    0x030c                  ADC1BUF6 = 0x30c
                    0x030c                  _ADC1BUF6 = 0x30c
                    0x030e                  ADC1BUF7 = 0x30e
                    0x030e                  _ADC1BUF7 = 0x30e
                    0x0310                  ADC1BUF8 = 0x310
                    0x0310                  _ADC1BUF8 = 0x310
                    0x0312                  ADC1BUF9 = 0x312
                    0x0312                  _ADC1BUF9 = 0x312
                    0x0314                  ADC1BUF10 = 0x314
                    0x0314                  _ADC1BUF10 = 0x314
                    0x0316                  ADC1BUF11 = 0x316
                    0x0316                  _ADC1BUF11 = 0x316
                    0x0318                  ADC1BUF12 = 0x318
                    0x0318                  _ADC1BUF12 = 0x318
                    0x031a                  ADC1BUF13 = 0x31a
                    0x031a                  _ADC1BUF13 = 0x31a
                    0x031c                  ADC1BUF14 = 0x31c
                    0x031c                  _ADC1BUF14 = 0x31c
                    0x031e                  ADC1BUF15 = 0x31e
                    0x031e                  _ADC1BUF15 = 0x31e
                    0x0320                  ADC1BUF16 = 0x320
                    0x0320                  _ADC1BUF16 = 0x320
                    0x0322                  ADC1BUF17 = 0x322
                    0x0322                  _ADC1BUF17 = 0x322
                    0x0324                  ADC1BUF18 = 0x324
                    0x0324                  _ADC1BUF18 = 0x324
                    0x0326                  ADC1BUF19 = 0x326
                    0x0326                  _ADC1BUF19 = 0x326
                    0x0328                  ADC1BUF20 = 0x328
                    0x0328                  _ADC1BUF20 = 0x328
                    0x032a                  ADC1BUF21 = 0x32a
                    0x032a                  _ADC1BUF21 = 0x32a
                    0x032c                  ADC1BUF22 = 0x32c
                    0x032c                  _ADC1BUF22 = 0x32c
                    0x032e                  ADC1BUF23 = 0x32e
                    0x032e                  _ADC1BUF23 = 0x32e
                    0x0340                  AD1CON1 = 0x340
                    0x0340                  _AD1CON1 = 0x340
                    0x0340                  _AD1CON1bits = 0x340
                    0x0342                  AD1CON2 = 0x342
                    0x0342                  _AD1CON2 = 0x342
                    0x0342                  _AD1CON2bits = 0x342
                    0x0344                  AD1CON3 = 0x344
                    0x0344                  _AD1CON3 = 0x344
                    0x0344                  _AD1CON3bits = 0x344
                    0x0348                  AD1CHS = 0x348
                    0x0348                  _AD1CHS = 0x348
                    0x0348                  _AD1CHSbits = 0x348
                    0x0348                  AD1CHS0 = 0x348
                    0x0348                  _AD1CHS0 = 0x348
                    0x0348                  _AD1CHS0bits = 0x348
                    0x034e                  AD1CSSH = 0x34e
                    0x034e                  _AD1CSSH = 0x34e
                    0x034e                  _AD1CSSHbits = 0x34e
                    0x0350                  AD1CSSL = 0x350
                    0x0350                  _AD1CSSL = 0x350
                    0x0350                  _AD1CSSLbits = 0x350
                    0x0354                  AD1CON5 = 0x354
                    0x0354                  _AD1CON5 = 0x354
                    0x0354                  _AD1CON5bits = 0x354
                    0x0356                  AD1CHITH = 0x356
                    0x0356                  _AD1CHITH = 0x356
                    0x0356                  _AD1CHITHbits = 0x356
                    0x0358                  AD1CHITL = 0x358
                    0x0358                  _AD1CHITL = 0x358
                    0x0358                  _AD1CHITLbits = 0x358
                    0x035a                  CTMUCON1L = 0x35a
                    0x035a                  _CTMUCON1L = 0x35a
                    0x035a                  _CTMUCON1Lbits = 0x35a
                    0x035c                  CTMUCON1H = 0x35c
                    0x035c                  _CTMUCON1H = 0x35c
                    0x035c                  _CTMUCON1Hbits = 0x35c
                    0x035e                  CTMUCON2 = 0x35e
                    0x035e                  _CTMUCON2 = 0x35e
                    0x035e                  _CTMUCON2bits = 0x35e
                    0x035e                  CTMUCON2L = 0x35e
                    0x035e                  _CTMUCON2L = 0x35e
                    0x035e                  _CTMUCON2Lbits = 0x35e
                    0x0360                  AD1CTMENH = 0x360
                    0x0360                  _AD1CTMENH = 0x360
                    0x0360                  _AD1CTMENHbits = 0x360
                    0x0362                  AD1CTMENL = 0x362
                    0x0362                  _AD1CTMENL = 0x362
                    0x0362                  _AD1CTMENLbits = 0x362
                    0x04e0                  ANSA = 0x4e0
                    0x04e0                  _ANSA = 0x4e0
                    0x04e0                  _ANSAbits = 0x4e0
                    0x04e2                  ANSB = 0x4e2
                    0x04e2                  _ANSB = 0x4e2
                    0x04e2                  _ANSBbits = 0x4e2
                    0x04e4                  ANSC = 0x4e4
                    0x04e4                  _ANSC = 0x4e4
                    0x04e4                  _ANSCbits = 0x4e4
                    0x0620                  ALRMVAL = 0x620
                    0x0620                  _ALRMVAL = 0x620
                    0x0622                  ALCFGRPT = 0x622
                    0x0622                  _ALCFGRPT = 0x622
                    0x0622                  _ALCFGRPTbits = 0x622
                    0x0624                  RTCVAL = 0x624
                    0x0624                  _RTCVAL = 0x624
                    0x0626                  RCFGCAL = 0x626
                    0x0626                  _RCFGCAL = 0x626
                    0x0626                  _RCFGCALbits = 0x626
                    0x0628                  RTCPWC = 0x628
                    0x0628                  _RTCPWC = 0x628
                    0x0628                  _RTCPWCbits = 0x628
                    0x0630                  CMSTAT = 0x630
                    0x0630                  _CMSTAT = 0x630
                    0x0630                  _CMSTATbits = 0x630
                    0x0632                  CVRCON = 0x632
                    0x0632                  _CVRCON = 0x632
                    0x0632                  _CVRCONbits = 0x632
                    0x0634                  CM1CON = 0x634
                    0x0634                  _CM1CON = 0x634
                    0x0634                  _CM1CONbits = 0x634
                    0x0636                  CM2CON = 0x636
                    0x0636                  _CM2CON = 0x636
                    0x0636                  _CM2CONbits = 0x636
                    0x0638                  CM3CON = 0x638
                    0x0638                  _CM3CON = 0x638
                    0x0638                  _CM3CONbits = 0x638
                    0x0670                  BUFCON0 = 0x670
                    0x0670                  _BUFCON0 = 0x670
                    0x0670                  _BUFCON0bits = 0x670
                    0x0740                  RCON = 0x740
                    0x0740                  _RCON = 0x740
                    0x0740                  _RCONbits = 0x740
                    0x0742                  OSCCON = 0x742
                    0x0742                  _OSCCON = 0x742
                    0x0742                  _OSCCONbits = 0x742
                    0x0742                  OSCCONL = 0x742
                    0x0742                  _OSCCONL = 0x742
                    0x0743                  OSCCONH = 0x743
                    0x0743                  _OSCCONH = 0x743
                    0x0744                  CLKDIV = 0x744
                    0x0744                  _CLKDIV = 0x744
                    0x0744                  _CLKDIVbits = 0x744
                    0x0748                  OSCTUN = 0x748
                    0x0748                  _OSCTUN = 0x748
                    0x0748                  _OSCTUNbits = 0x748
                    0x074e                  REFOCON = 0x74e
                    0x074e                  _REFOCON = 0x74e
                    0x074e                  _REFOCONbits = 0x74e
                    0x0756                  HLVDCON = 0x756
                    0x0756                  _HLVDCON = 0x756
                    0x0756                  _HLVDCONbits = 0x756
                    0x0760                  NVMCON = 0x760
                    0x0760                  _NVMCON = 0x760
                    0x0760                  _NVMCONbits = 0x760
                    0x0766                  NVMKEY = 0x766
                    0x0766                  _NVMKEY = 0x766
                    0x0766                  _NVMKEYbits = 0x766
                    0x0768                  ULPWCON = 0x768
                    0x0768                  _ULPWCON = 0x768
                    0x0768                  _ULPWCONbits = 0x768
                    0x0770                  PMD1 = 0x770
                    0x0770                  _PMD1 = 0x770
                    0x0770                  _PMD1bits = 0x770
                    0x0772                  PMD2 = 0x772
                    0x0772                  _PMD2 = 0x772
                    0x0772                  _PMD2bits = 0x772
                    0x0774                  PMD3 = 0x774
                    0x0774                  _PMD3 = 0x774
                    0x0774                  _PMD3bits = 0x774
                    0x0776                  PMD4 = 0x776
                    0x0776                  _PMD4 = 0x776
                    0x0776                  _PMD4bits = 0x776
                    0x077a                  PMD6 = 0x77a
                    0x077a                  _PMD6 = 0x77a
                    0x077a                  _PMD6bits = 0x77a
                    0x077e                  PMD8 = 0x77e
                    0x077e                  _PMD8 = 0x77e
                    0x077e                  _PMD8bits = 0x77e
                    0x0220                  UART1 = 0x220
                    0x0220                  _UART1 = 0x220
                    0x0230                  UART2 = 0x230
                    0x0230                  _UART2 = 0x230
START GROUP
LOAD /opt/microchip/xc16/v1.30/bin/bin/../../lib/liblega-pic30-elf.a
LOAD /opt/microchip/xc16/v1.30/bin/bin/../../lib/libm-elf.a
LOAD /opt/microchip/xc16/v1.30/bin/bin/../../lib/liblega-c-elf.a
END GROUP
OUTPUT(dist/default/production/LTP_Board_V1.X.production.elf elf32-pic30)
LOAD FGS
LOAD FBS
LOAD jump_table
LOAD default_isr
LOAD data_init

.debug_pubtypes
                  0x000470        0x6ef
 .debug_pubtypes
                  0x000470         0x12 build/default/production/mcc_generated_files/interrupt_manager.o
 .debug_pubtypes
                  0x000482         0x4e build/default/production/mcc_generated_files/traps.o
 .debug_pubtypes
                  0x0004d0         0x1e build/default/production/mcc_generated_files/mcc.o
 .debug_pubtypes
                  0x0004ee         0x12 build/default/production/mcc_generated_files/pin_manager.o
 .debug_pubtypes
                  0x000500         0x8a build/default/production/mcc_generated_files/mccp1_compare.o
 .debug_pubtypes
                  0x00058a         0x6f build/default/production/mcc_generated_files/uart1.o
 .debug_pubtypes
                  0x0005f9         0x75 build/default/production/mcc_generated_files/mssp1_spi.o
 .debug_pubtypes
                  0x00066e        0x148 build/default/production/mcc_generated_files/mssp2_i2c.o
 .debug_pubtypes
                  0x0007b6         0x87 build/default/production/mcc_generated_files/tmr1.o
 .debug_pubtypes
                  0x00083d         0x66 build/default/production/main.o
 .debug_pubtypes
                  0x0008a3         0xfd build/default/production/LTP_system.o
 .debug_pubtypes
                  0x0009a0         0x54 build/default/production/encoder.o
 .debug_pubtypes
                  0x0009f4         0x76 build/default/production/lidar.o
 .debug_pubtypes
                  0x000a6a         0x53 build/default/production/motor.o
 .debug_pubtypes
                  0x000abd         0x48 build/default/production/PID.o
 .debug_pubtypes
                  0x000b05         0x2b build/default/production/sweep.o
 .debug_pubtypes
                  0x000b30         0x2f build/default/production/tests.o

__c30_signature
                  0x000b5f        0x1a4
 __c30_signature
                  0x000b5f          0x6 build/default/production/mcc_generated_files/interrupt_manager.o
 __c30_signature
                  0x000b65          0x6 build/default/production/mcc_generated_files/traps.o
 __c30_signature
                  0x000b6b          0x6 build/default/production/mcc_generated_files/mcc.o
 __c30_signature
                  0x000b71          0x6 build/default/production/mcc_generated_files/pin_manager.o
 __c30_signature
                  0x000b77          0x6 build/default/production/mcc_generated_files/mccp1_compare.o
 __c30_signature
                  0x000b7d          0x6 build/default/production/mcc_generated_files/uart1.o
 __c30_signature
                  0x000b83          0x6 build/default/production/mcc_generated_files/mssp1_spi.o
 __c30_signature
                  0x000b89          0x6 build/default/production/mcc_generated_files/mssp2_i2c.o
 __c30_signature
                  0x000b8f          0x6 build/default/production/mcc_generated_files/tmr1.o
 __c30_signature
                  0x000b95          0x6 build/default/production/main.o
 __c30_signature
                  0x000b9b          0x6 build/default/production/LTP_system.o
 __c30_signature
                  0x000ba1          0x6 build/default/production/encoder.o
 __c30_signature
                  0x000ba7          0x6 build/default/production/lidar.o
 __c30_signature
                  0x000bad          0x6 build/default/production/motor.o
 __c30_signature
                  0x000bb3          0x6 build/default/production/PID.o
 __c30_signature
                  0x000bb9          0x6 build/default/production/sweep.o
 __c30_signature
                  0x000bbf          0x6 build/default/production/tests.o
 __c30_signature
                  0x000bc5          0x6 /opt/microchip/xc16/v1.30/bin/bin/../../lib/liblega-pic30-elf.a(crt0_standard.o)
 __c30_signature
                  0x000bcb          0x6 /opt/microchip/xc16/v1.30/bin/bin/../../lib/liblega-pic30-elf.a(data_init_standard.o)
 __c30_signature
                  0x000bd1          0x6 /opt/microchip/xc16/v1.30/bin/bin/../../lib/liblega-pic30-elf.a(delay32.Leo)
 __c30_signature
                  0x000bd7          0x6 /opt/microchip/xc16/v1.30/bin/bin/../../lib/libm-elf.a(addsf3.eo)
 __c30_signature
                  0x000bdd          0x6 /opt/microchip/xc16/v1.30/bin/bin/../../lib/libm-elf.a(fixsfsi.eo)
 __c30_signature
                  0x000be3          0x6 /opt/microchip/xc16/v1.30/bin/bin/../../lib/libm-elf.a(floatsisf.eo)
 __c30_signature
                  0x000be9          0x6 /opt/microchip/xc16/v1.30/bin/bin/../../lib/libm-elf.a(floatunsisf.eo)
 __c30_signature
                  0x000bef          0x6 /opt/microchip/xc16/v1.30/bin/bin/../../lib/libm-elf.a(fpack.eo)
 __c30_signature
                  0x000bf5          0x6 /opt/microchip/xc16/v1.30/bin/bin/../../lib/libm-elf.a(funpack.eo)
 __c30_signature
                  0x000bfb          0x6 /opt/microchip/xc16/v1.30/bin/bin/../../lib/libm-elf.a(funpack2.eo)
 __c30_signature
                  0x000c01          0x6 /opt/microchip/xc16/v1.30/bin/bin/../../lib/libm-elf.a(futil.eo)
 __c30_signature
                  0x000c07          0x6 /opt/microchip/xc16/v1.30/bin/bin/../../lib/libm-elf.a(mulsf3.eo)
 __c30_signature
                  0x000c0d          0x6 /opt/microchip/xc16/v1.30/bin/bin/../../lib/libm-elf.a(sinf.eo)
 __c30_signature
                  0x000c13          0x6 /opt/microchip/xc16/v1.30/bin/bin/../../lib/libm-elf.a(floatdisf.eo)
 __c30_signature
                  0x000c19          0x6 /opt/microchip/xc16/v1.30/bin/bin/../../lib/libm-elf.a(floatundisf.eo)
 __c30_signature
                  0x000c1f          0x6 /opt/microchip/xc16/v1.30/bin/bin/../../lib/libm-elf.a(sincosf.eo)
 __c30_signature
                  0x000c25          0x6 /opt/microchip/xc16/v1.30/bin/bin/../../lib/libm-elf.a(errno.eo)
 __c30_signature
                  0x000c2b          0x6 /opt/microchip/xc16/v1.30/bin/bin/../../lib/libm-elf.a(feqltle.eo)
 __c30_signature
                  0x000c31          0x6 /opt/microchip/xc16/v1.30/bin/bin/../../lib/libm-elf.a(fmodf.eo)
 __c30_signature
                  0x000c37          0x6 /opt/microchip/xc16/v1.30/bin/bin/../../lib/libm-elf.a(fmodrem.eo)
 __c30_signature
                  0x000c3d          0x6 /opt/microchip/xc16/v1.30/bin/bin/../../lib/libm-elf.a(fcompare.eo)
 __c30_signature
                  0x000c43          0x6 /opt/microchip/xc16/v1.30/bin/bin/../../lib/liblega-c-elf.a(puts.XX_eo)
 __c30_signature
                  0x000c49          0x6 /opt/microchip/xc16/v1.30/bin/bin/../../lib/liblega-c-elf.a(xfiles.XX_eo)
 __c30_signature
                  0x000c4f          0x6 /opt/microchip/xc16/v1.30/bin/bin/../../lib/liblega-c-elf.a(fputc.XX_elo)
 __c30_signature
                  0x000c55          0x6 /opt/microchip/xc16/v1.30/bin/bin/../../lib/liblega-c-elf.a(fputs.XX_elo)
 __c30_signature
                  0x000c5b          0x6 /opt/microchip/xc16/v1.30/bin/bin/../../lib/liblega-c-elf.a(memcpy.XX_elo)
 __c30_signature
                  0x000c61          0x6 /opt/microchip/xc16/v1.30/bin/bin/../../lib/liblega-c-elf.a(strlen.XX_elo)
 __c30_signature
                  0x000c67          0x6 /opt/microchip/xc16/v1.30/bin/bin/../../lib/liblega-c-elf.a(strrchr.XX_elo)
 __c30_signature
                  0x000c6d          0x6 /opt/microchip/xc16/v1.30/bin/bin/../../lib/liblega-c-elf.a(xfwprep.XX_elo)
 __c30_signature
                  0x000c73          0x6 /opt/microchip/xc16/v1.30/bin/bin/../../lib/liblega-c-elf.a(printf_cdnopuxX.XXelo)
 __c30_signature
                  0x000c79          0x6 /opt/microchip/xc16/v1.30/bin/bin/../../lib/liblega-c-elf.a(xprintf_cdnopuxX.XXelo)
 __c30_signature
                  0x000c7f          0x6 /opt/microchip/xc16/v1.30/bin/bin/../../lib/liblega-c-elf.a(xputfld_cdnopuxX.XXelo)
 __c30_signature
                  0x000c85          0x6 /opt/microchip/xc16/v1.30/bin/bin/../../lib/liblega-c-elf.a(fclose.XX_eo)
 __c30_signature
                  0x000c8b          0x6 /opt/microchip/xc16/v1.30/bin/bin/../../lib/liblega-c-elf.a(fflush.XX_eo)
 __c30_signature
                  0x000c91          0x6 /opt/microchip/xc16/v1.30/bin/bin/../../lib/liblega-c-elf.a(strchr.XX_eo)
 __c30_signature
                  0x000c97          0x6 /opt/microchip/xc16/v1.30/bin/bin/../../lib/liblega-c-elf.a(xatexit.XX_eo)
 __c30_signature
                  0x000c9d          0x6 /opt/microchip/xc16/v1.30/bin/bin/../../lib/liblega-c-elf.a(xvacopy.XX_eo)
 __c30_signature
                  0x000ca3          0x6 /opt/microchip/xc16/v1.30/bin/bin/../../lib/liblega-c-elf.a(free.XX_elo)
 __c30_signature
                  0x000ca9          0x6 /opt/microchip/xc16/v1.30/bin/bin/../../lib/liblega-c-elf.a(fwrite.XX_elo)
 __c30_signature
                  0x000caf          0x6 /opt/microchip/xc16/v1.30/bin/bin/../../lib/liblega-c-elf.a(malloc.XX_elo)
 __c30_signature
                  0x000cb5          0x6 /opt/microchip/xc16/v1.30/bin/bin/../../lib/liblega-c-elf.a(memchr.XX_elo)
 __c30_signature
                  0x000cbb          0x6 /opt/microchip/xc16/v1.30/bin/bin/../../lib/liblega-c-elf.a(xgetmem.XX_elo)
 __c30_signature
                  0x000cc1          0x6 /opt/microchip/xc16/v1.30/bin/bin/../../lib/liblega-c-elf.a(xlitob.XX_elo)
 __c30_signature
                  0x000cc7          0x6 /opt/microchip/xc16/v1.30/bin/bin/../../lib/liblega-c-elf.a(xputtxt.XX_elo)
 __c30_signature
                  0x000ccd          0x6 /opt/microchip/xc16/v1.30/bin/bin/../../lib/liblega-pic30-elf.a(close.Leo)
 __c30_signature
                  0x000cd3          0x6 /opt/microchip/xc16/v1.30/bin/bin/../../lib/liblega-pic30-elf.a(remove.Leo)
 __c30_signature
                  0x000cd9          0x6 /opt/microchip/xc16/v1.30/bin/bin/../../lib/liblega-pic30-elf.a(sbrk.Leo)
 __c30_signature
                  0x000cdf          0x6 /opt/microchip/xc16/v1.30/bin/bin/../../lib/liblega-pic30-elf.a(brk.Lelo)
 __c30_signature
                  0x000ce5          0x6 /opt/microchip/xc16/v1.30/bin/bin/../../lib/libm-elf.a(divsi3.eo)
 __c30_signature
                  0x000ceb          0x6 /opt/microchip/xc16/v1.30/bin/bin/../../lib/libm-elf.a(udivsi3.eo)
 __c30_signature
                  0x000cf1          0x6 /opt/microchip/xc16/v1.30/bin/bin/../../lib/libm-elf.a(umodsi3.eo)
 __c30_signature
                  0x000cf7          0x6 /opt/microchip/xc16/v1.30/bin/bin/../../lib/libm-elf.a(mulsi3.eo)
 __c30_signature
                  0x000cfd          0x6 /opt/microchip/xc16/v1.30/bin/bin/../../lib/libm-elf.a(divmoddi3.eo)

.nbss.failsafe_stack.5361
                    0x0800         0x20
 .nbss.failsafe_stack.5361
                    0x0800         0x20 build/default/production/mcc_generated_files/traps.o

.nbss.mssp2_i2c_object
                    0x0820          0x8
 .nbss.mssp2_i2c_object
                    0x0820          0x8 build/default/production/mcc_generated_files/mssp2_i2c.o

.nbss.mssp2_i2c_tr_queue
                    0x0828          0x6
 .nbss.mssp2_i2c_tr_queue
                    0x0828          0x6 build/default/production/mcc_generated_files/mssp2_i2c.o

.nbss.trBlock.5504
                    0x082e          0x6
 .nbss.trBlock.5504
                    0x082e          0x6 build/default/production/mcc_generated_files/mssp2_i2c.o

.nbss.trBlock.5497
                    0x0834          0x6
 .nbss.trBlock.5497
                    0x0834          0x6 build/default/production/mcc_generated_files/mssp2_i2c.o

.ndata.KP           0x083a          0x4
 .ndata.KP          0x083a          0x4 build/default/production/PID.o
                    0x083a                  _KP

.ndata.KI           0x083e          0x4
 .ndata.KI          0x083e          0x4 build/default/production/PID.o
                    0x083e                  _KI

.ndata.KD           0x0842          0x4
 .ndata.KD          0x0842          0x4 build/default/production/PID.o
                    0x0842                  _KD

.nbss.val_f         0x0846          0x4
 .nbss.val_f        0x0846          0x4 build/default/production/sweep.o
                    0x0846                  _val_f

.nbss.val_time      0x084a          0x4
 .nbss.val_time
                    0x084a          0x4 build/default/production/sweep.o
                    0x084a                  _val_time

.ndata.TRAPS_error_code
                    0x084e          0x2
 .ndata.TRAPS_error_code
                    0x084e          0x2 build/default/production/mcc_generated_files/traps.o

.nbss.gMCCP1Mode
                    0x0850          0x2
 .nbss.gMCCP1Mode
                    0x0850          0x2 build/default/production/mcc_generated_files/mccp1_compare.o

.nbss.mssp2_i2c_state
                    0x0852          0x2
 .nbss.mssp2_i2c_state
                    0x0852          0x2 build/default/production/mcc_generated_files/mssp2_i2c.o

.nbss.mssp2_i2c_trb_count
                    0x0854          0x2
 .nbss.mssp2_i2c_trb_count
                    0x0854          0x2 build/default/production/mcc_generated_files/mssp2_i2c.o

.nbss.p_mssp2_i2c_trb_current
                    0x0856          0x2
 .nbss.p_mssp2_i2c_trb_current
                    0x0856          0x2 build/default/production/mcc_generated_files/mssp2_i2c.o

.nbss.p_mssp2_i2c_current
                    0x0858          0x2
 .nbss.p_mssp2_i2c_current
                    0x0858          0x2 build/default/production/mcc_generated_files/mssp2_i2c.o

.nbss.i2c_address.5469
                    0x085a          0x2
 .nbss.i2c_address.5469
                    0x085a          0x2 build/default/production/mcc_generated_files/mssp2_i2c.o

.nbss.i2c_10bit_address_restart.5471
                    0x085c          0x2
 .nbss.i2c_10bit_address_restart.5471
                    0x085c          0x2 build/default/production/mcc_generated_files/mssp2_i2c.o

.nbss.pi2c_buf_ptr.5468
                    0x085e          0x2
 .nbss.pi2c_buf_ptr.5468
                    0x085e          0x2 build/default/production/mcc_generated_files/mssp2_i2c.o

.nbss.i2c_bytes_left.5470
                    0x0860          0x2
 .nbss.i2c_bytes_left.5470
                    0x0860          0x2 build/default/production/mcc_generated_files/mssp2_i2c.o

.nbss.tmr1_obj      0x0862          0x2
 .nbss.tmr1_obj
                    0x0862          0x2 build/default/production/mcc_generated_files/tmr1.o

.nbss.curAngle      0x0864          0x2
 .nbss.curAngle
                    0x0864          0x2 build/default/production/main.o
                    0x0864                  _curAngle

.nbss.curDistance
                    0x0866          0x2
 .nbss.curDistance
                    0x0866          0x2 build/default/production/main.o
                    0x0866                  _curDistance

.nbss.curMode       0x0868          0x2
 .nbss.curMode      0x0868          0x2 build/default/production/main.o
                    0x0868                  _curMode

.ndata.pollPeriod
                    0x086a          0x2
 .ndata.pollPeriod
                    0x086a          0x2 build/default/production/LTP_system.o
                    0x086a                  _pollPeriod

.nbss.LTP_modePtr
                    0x086c          0x2
 .nbss.LTP_modePtr
                    0x086c          0x2 build/default/production/LTP_system.o
                    0x086c                  _LTP_modePtr

.nbss.LTP_anglePtr
                    0x086e          0x2
 .nbss.LTP_anglePtr
                    0x086e          0x2 build/default/production/LTP_system.o
                    0x086e                  _LTP_anglePtr

.nbss.LTP_distancePtr
                    0x0870          0x2
 .nbss.LTP_distancePtr
                    0x0870          0x2 build/default/production/LTP_system.o
                    0x0870                  _LTP_distancePtr

.nbss.encoder_anglePtr
                    0x0872          0x2
 .nbss.encoder_anglePtr
                    0x0872          0x2 build/default/production/encoder.o
                    0x0872                  _encoder_anglePtr

.nbss.lidar_numCal
                    0x0874          0x2
 .nbss.lidar_numCal
                    0x0874          0x2 build/default/production/lidar.o
                    0x0874                  _lidar_numCal

.nbss.LIDAR_distancePtr
                    0x0876          0x2
 .nbss.LIDAR_distancePtr
                    0x0876          0x2 build/default/production/lidar.o
                    0x0876                  _LIDAR_distancePtr

.nbss.cur_setpoint
                    0x0878          0x2
 .nbss.cur_setpoint
                    0x0878          0x2 build/default/production/motor.o
                    0x0878                  _cur_setpoint

.nbss.usecsElapsed
                    0x087a          0x2
 .nbss.usecsElapsed
                    0x087a          0x2 build/default/production/PID.o
                    0x087a                  _usecsElapsed

.nbss.desiredAngle
                    0x087c          0x2
 .nbss.desiredAngle
                    0x087c          0x2 build/default/production/PID.o
                    0x087c                  _desiredAngle

.nbss.actualAngle
                    0x087e          0x2
 .nbss.actualAngle
                    0x087e          0x2 build/default/production/PID.o
                    0x087e                  _actualAngle

.nbss.iteration_time
                    0x0880          0x2
 .nbss.iteration_time
                    0x0880          0x2 build/default/production/PID.o
                    0x0880                  _iteration_time

.nbss.error         0x0882          0x2
 .nbss.error        0x0882          0x2 build/default/production/PID.o
                    0x0882                  _error

.nbss.error_prior
                    0x0884          0x2
 .nbss.error_prior
                    0x0884          0x2 build/default/production/PID.o
                    0x0884                  _error_prior

.nbss.integral      0x0886          0x2
 .nbss.integral
                    0x0886          0x2 build/default/production/PID.o
                    0x0886                  _integral

.nbss.derivative
                    0x0888          0x2
 .nbss.derivative
                    0x0888          0x2 build/default/production/PID.o
                    0x0888                  _derivative

.nbss.output        0x088a          0x2
 .nbss.output       0x088a          0x2 build/default/production/PID.o
                    0x088a                  _output

.nbss.val_a         0x088c          0x2
 .nbss.val_a        0x088c          0x2 build/default/production/sweep.o
                    0x088c                  _val_a

.nbss.val_b         0x088e          0x2
 .nbss.val_b        0x088e          0x2 build/default/production/sweep.o
                    0x088e                  _val_b

.nbss.val_d         0x0890          0x2
 .nbss.val_d        0x0890          0x2 build/default/production/sweep.o
                    0x0890                  _val_d

.nbss.amplitude
                    0x0892          0x2
 .nbss.amplitude
                    0x0892          0x2 build/default/production/sweep.o
                    0x0892                  _amplitude

.nbss.genPoint      0x0894          0x2
 .nbss.genPoint
                    0x0894          0x2 build/default/production/sweep.o
                    0x0894                  _genPoint

.nbss               0x0896          0x2
 .nbss              0x0896          0x2 /opt/microchip/xc16/v1.30/bin/bin/../../lib/libm-elf.a(errno.eo)
                    0x0896                  _errno

.data               0x0898         0xc8